// Jest Snapshot v1, https://goo.gl/fbAQLP

exports[`ErrorView component matches the snapshot 1`] = `
<RCTSafeAreaView
  className="bg-white h-full"
  style={
    {
      "flex": 1,
    }
  }
>
  <View
    className="px-4"
    style={
      {
        "flex": 1,
      }
    }
  >
    <RNSVGSvgView
      align="xMidYMid"
      bbHeight={64}
      bbWidth={64}
      fill="none"
      focusable={false}
      height={64}
      meetOrSlice={0}
      minX={0}
      minY={0}
      stroke="red"
      strokeLinecap="round"
      strokeLinejoin="round"
      strokeWidth={2}
      style={
        [
          {
            "backgroundColor": "transparent",
            "borderWidth": 0,
          },
          {
            "flex": 0,
            "height": 64,
            "width": 64,
          },
        ]
      }
      vbHeight={24}
      vbWidth={24}
      width={64}
      xmlns="http://www.w3.org/2000/svg"
    >
      <RNSVGGroup
        fill={null}
        propList={
          [
            "fill",
            "stroke",
            "strokeWidth",
            "strokeLinecap",
            "strokeLinejoin",
          ]
        }
        stroke={
          {
            "payload": 4294901760,
            "type": 0,
          }
        }
        strokeLinecap={1}
        strokeLinejoin={1}
        strokeWidth={2}
      >
        <RNSVGPath
          d="M13.73 4a2 2 0 0 0-3.46 0l-8 14A2 2 0 0 0 4 21h16a2 2 0 0 0 1.73-3Z"
          fill={null}
          propList={
            [
              "fill",
              "stroke",
              "strokeWidth",
              "strokeLinecap",
              "strokeLinejoin",
            ]
          }
          stroke={
            {
              "payload": 4294901760,
              "type": 0,
            }
          }
          strokeLinecap={1}
          strokeLinejoin={1}
          strokeWidth={2}
        />
      </RNSVGGroup>
    </RNSVGSvgView>
    <Text>
      Oops, something went wrong...
    </Text>
  </View>
</RCTSafeAreaView>
`;
